Archive member included to satisfy reference by file (symbol)

/usr/lib/gcc/arm-none-eabi/12.2.1/thumb/v6-m/nofp/libgcc.a(_udivsi3.o)
                              lcd.o (__aeabi_uidiv)
/usr/lib/gcc/arm-none-eabi/12.2.1/thumb/v6-m/nofp/libgcc.a(_dvmd_tls.o)
                              /usr/lib/gcc/arm-none-eabi/12.2.1/thumb/v6-m/nofp/libgcc.a(_udivsi3.o) (__aeabi_idiv0)
/usr/lib/gcc/arm-none-eabi/12.2.1/../../../arm-none-eabi/lib/thumb/v6-m/nofp/libc_nano.a(lib_a-atexit.o)
                              /usr/lib/gcc/arm-none-eabi/12.2.1/../../../arm-none-eabi/lib/thumb/v6-m/nofp/crt0.o (atexit)
/usr/lib/gcc/arm-none-eabi/12.2.1/../../../arm-none-eabi/lib/thumb/v6-m/nofp/libc_nano.a(lib_a-exit.o)
                              /usr/lib/gcc/arm-none-eabi/12.2.1/../../../arm-none-eabi/lib/thumb/v6-m/nofp/crt0.o (exit)
/usr/lib/gcc/arm-none-eabi/12.2.1/../../../arm-none-eabi/lib/thumb/v6-m/nofp/libc_nano.a(lib_a-fini.o)
                              /usr/lib/gcc/arm-none-eabi/12.2.1/../../../arm-none-eabi/lib/thumb/v6-m/nofp/crt0.o (__libc_fini_array)
/usr/lib/gcc/arm-none-eabi/12.2.1/../../../arm-none-eabi/lib/thumb/v6-m/nofp/libc_nano.a(lib_a-impure.o)
                              /usr/lib/gcc/arm-none-eabi/12.2.1/../../../arm-none-eabi/lib/thumb/v6-m/nofp/libc_nano.a(lib_a-exit.o) (_global_impure_ptr)
/usr/lib/gcc/arm-none-eabi/12.2.1/../../../arm-none-eabi/lib/thumb/v6-m/nofp/libc_nano.a(lib_a-init.o)
                              /usr/lib/gcc/arm-none-eabi/12.2.1/../../../arm-none-eabi/lib/thumb/v6-m/nofp/crt0.o (__libc_init_array)
/usr/lib/gcc/arm-none-eabi/12.2.1/../../../arm-none-eabi/lib/thumb/v6-m/nofp/libc_nano.a(lib_a-memcpy-stub.o)
                              freertos/queue.o (memcpy)
/usr/lib/gcc/arm-none-eabi/12.2.1/../../../arm-none-eabi/lib/thumb/v6-m/nofp/libc_nano.a(lib_a-memset.o)
                              /usr/lib/gcc/arm-none-eabi/12.2.1/../../../arm-none-eabi/lib/thumb/v6-m/nofp/crt0.o (memset)
/usr/lib/gcc/arm-none-eabi/12.2.1/../../../arm-none-eabi/lib/thumb/v6-m/nofp/libc_nano.a(lib_a-strlen-stub.o)
                              main.o (strlen)
/usr/lib/gcc/arm-none-eabi/12.2.1/../../../arm-none-eabi/lib/thumb/v6-m/nofp/libc_nano.a(lib_a-__atexit.o)
                              /usr/lib/gcc/arm-none-eabi/12.2.1/../../../arm-none-eabi/lib/thumb/v6-m/nofp/libc_nano.a(lib_a-atexit.o) (__register_exitproc)
/usr/lib/gcc/arm-none-eabi/12.2.1/../../../arm-none-eabi/lib/thumb/v6-m/nofp/libc_nano.a(lib_a-__call_atexit.o)
                              /usr/lib/gcc/arm-none-eabi/12.2.1/../../../arm-none-eabi/lib/thumb/v6-m/nofp/libc_nano.a(lib_a-__atexit.o) (__call_exitprocs)

Discarded input sections

 .text          0x00000000        0x0 /usr/lib/gcc/arm-none-eabi/12.2.1/thumb/v6-m/nofp/crti.o
 .data          0x00000000        0x0 /usr/lib/gcc/arm-none-eabi/12.2.1/thumb/v6-m/nofp/crti.o
 .bss           0x00000000        0x0 /usr/lib/gcc/arm-none-eabi/12.2.1/thumb/v6-m/nofp/crti.o
 .text          0x00000000       0x98 /usr/lib/gcc/arm-none-eabi/12.2.1/thumb/v6-m/nofp/crtbegin.o
 .data          0x00000000        0x4 /usr/lib/gcc/arm-none-eabi/12.2.1/thumb/v6-m/nofp/crtbegin.o
 .bss           0x00000000       0x1c /usr/lib/gcc/arm-none-eabi/12.2.1/thumb/v6-m/nofp/crtbegin.o
 .rodata        0x00000000       0x24 /usr/lib/gcc/arm-none-eabi/12.2.1/thumb/v6-m/nofp/crtbegin.o
 .init_array    0x00000000        0x4 /usr/lib/gcc/arm-none-eabi/12.2.1/thumb/v6-m/nofp/crtbegin.o
 .fini_array    0x00000000        0x4 /usr/lib/gcc/arm-none-eabi/12.2.1/thumb/v6-m/nofp/crtbegin.o
 .eh_frame      0x00000000        0x0 /usr/lib/gcc/arm-none-eabi/12.2.1/thumb/v6-m/nofp/crtbegin.o
 .tm_clone_table
                0x00000000        0x0 /usr/lib/gcc/arm-none-eabi/12.2.1/thumb/v6-m/nofp/crtbegin.o
 .comment       0x00000000       0x27 /usr/lib/gcc/arm-none-eabi/12.2.1/thumb/v6-m/nofp/crtbegin.o
 .ARM.attributes
                0x00000000       0x2c /usr/lib/gcc/arm-none-eabi/12.2.1/thumb/v6-m/nofp/crtbegin.o
 .text          0x00000000       0x74 /usr/lib/gcc/arm-none-eabi/12.2.1/../../../arm-none-eabi/lib/thumb/v6-m/nofp/crt0.o
 .data          0x00000000        0x0 /usr/lib/gcc/arm-none-eabi/12.2.1/../../../arm-none-eabi/lib/thumb/v6-m/nofp/crt0.o
 .bss           0x00000000        0x0 /usr/lib/gcc/arm-none-eabi/12.2.1/../../../arm-none-eabi/lib/thumb/v6-m/nofp/crt0.o
 .ARM.extab     0x00000000        0x0 /usr/lib/gcc/arm-none-eabi/12.2.1/../../../arm-none-eabi/lib/thumb/v6-m/nofp/crt0.o
 .ARM.exidx     0x00000000       0x10 /usr/lib/gcc/arm-none-eabi/12.2.1/../../../arm-none-eabi/lib/thumb/v6-m/nofp/crt0.o
 .debug_line    0x00000000       0x8c /usr/lib/gcc/arm-none-eabi/12.2.1/../../../arm-none-eabi/lib/thumb/v6-m/nofp/crt0.o
 .debug_info    0x00000000       0x26 /usr/lib/gcc/arm-none-eabi/12.2.1/../../../arm-none-eabi/lib/thumb/v6-m/nofp/crt0.o
 .debug_abbrev  0x00000000       0x14 /usr/lib/gcc/arm-none-eabi/12.2.1/../../../arm-none-eabi/lib/thumb/v6-m/nofp/crt0.o
 .debug_aranges
                0x00000000       0x20 /usr/lib/gcc/arm-none-eabi/12.2.1/../../../arm-none-eabi/lib/thumb/v6-m/nofp/crt0.o
 .debug_str     0x00000000       0x94 /usr/lib/gcc/arm-none-eabi/12.2.1/../../../arm-none-eabi/lib/thumb/v6-m/nofp/crt0.o
 .ARM.attributes
                0x00000000       0x1b /usr/lib/gcc/arm-none-eabi/12.2.1/../../../arm-none-eabi/lib/thumb/v6-m/nofp/crt0.o
 .data          0x00000000        0x0 startup.o
 .bss           0x00000000        0x0 startup.o
 .data          0x00000000        0x0 freertos/list.o
 .bss           0x00000000        0x0 freertos/list.o
 .data          0x00000000        0x0 freertos/queue.o
 .data          0x00000000        0x0 freertos/tasks.o
 .rodata        0x00000000        0x2 freertos/portable/MemMang/heap_2.o
 .bss           0x00000000        0x0 freertos/portable/GCC/ARM_CM0/port.o
 .data          0x00000000        0x0 lcd.o
 .bss           0x00000000        0x0 lcd.o
 .data          0x00000000        0x0 /usr/lib/gcc/arm-none-eabi/12.2.1/thumb/v6-m/nofp/libgcc.a(_udivsi3.o)
 .bss           0x00000000        0x0 /usr/lib/gcc/arm-none-eabi/12.2.1/thumb/v6-m/nofp/libgcc.a(_udivsi3.o)
 .data          0x00000000        0x0 /usr/lib/gcc/arm-none-eabi/12.2.1/thumb/v6-m/nofp/libgcc.a(_dvmd_tls.o)
 .bss           0x00000000        0x0 /usr/lib/gcc/arm-none-eabi/12.2.1/thumb/v6-m/nofp/libgcc.a(_dvmd_tls.o)
 .text          0x00000000       0x10 /usr/lib/gcc/arm-none-eabi/12.2.1/../../../arm-none-eabi/lib/thumb/v6-m/nofp/libc_nano.a(lib_a-atexit.o)
 .data          0x00000000        0x0 /usr/lib/gcc/arm-none-eabi/12.2.1/../../../arm-none-eabi/lib/thumb/v6-m/nofp/libc_nano.a(lib_a-atexit.o)
 .bss           0x00000000        0x0 /usr/lib/gcc/arm-none-eabi/12.2.1/../../../arm-none-eabi/lib/thumb/v6-m/nofp/libc_nano.a(lib_a-atexit.o)
 .debug_info    0x00000000      0x100 /usr/lib/gcc/arm-none-eabi/12.2.1/../../../arm-none-eabi/lib/thumb/v6-m/nofp/libc_nano.a(lib_a-atexit.o)
 .debug_abbrev  0x00000000       0xb4 /usr/lib/gcc/arm-none-eabi/12.2.1/../../../arm-none-eabi/lib/thumb/v6-m/nofp/libc_nano.a(lib_a-atexit.o)
 .debug_loc     0x00000000       0x32 /usr/lib/gcc/arm-none-eabi/12.2.1/../../../arm-none-eabi/lib/thumb/v6-m/nofp/libc_nano.a(lib_a-atexit.o)
 .debug_aranges
                0x00000000       0x20 /usr/lib/gcc/arm-none-eabi/12.2.1/../../../arm-none-eabi/lib/thumb/v6-m/nofp/libc_nano.a(lib_a-atexit.o)
 .debug_line    0x00000000       0xc3 /usr/lib/gcc/arm-none-eabi/12.2.1/../../../arm-none-eabi/lib/thumb/v6-m/nofp/libc_nano.a(lib_a-atexit.o)
 .debug_str     0x00000000      0x1e2 /usr/lib/gcc/arm-none-eabi/12.2.1/../../../arm-none-eabi/lib/thumb/v6-m/nofp/libc_nano.a(lib_a-atexit.o)
 .comment       0x00000000       0x34 /usr/lib/gcc/arm-none-eabi/12.2.1/../../../arm-none-eabi/lib/thumb/v6-m/nofp/libc_nano.a(lib_a-atexit.o)
 .debug_frame   0x00000000       0x28 /usr/lib/gcc/arm-none-eabi/12.2.1/../../../arm-none-eabi/lib/thumb/v6-m/nofp/libc_nano.a(lib_a-atexit.o)
 .ARM.attributes
                0x00000000       0x2c /usr/lib/gcc/arm-none-eabi/12.2.1/../../../arm-none-eabi/lib/thumb/v6-m/nofp/libc_nano.a(lib_a-atexit.o)
 .text          0x00000000       0x2c /usr/lib/gcc/arm-none-eabi/12.2.1/../../../arm-none-eabi/lib/thumb/v6-m/nofp/libc_nano.a(lib_a-exit.o)
 .data          0x00000000        0x0 /usr/lib/gcc/arm-none-eabi/12.2.1/../../../arm-none-eabi/lib/thumb/v6-m/nofp/libc_nano.a(lib_a-exit.o)
 .bss           0x00000000        0x0 /usr/lib/gcc/arm-none-eabi/12.2.1/../../../arm-none-eabi/lib/thumb/v6-m/nofp/libc_nano.a(lib_a-exit.o)
 .debug_info    0x00000000      0x81a /usr/lib/gcc/arm-none-eabi/12.2.1/../../../arm-none-eabi/lib/thumb/v6-m/nofp/libc_nano.a(lib_a-exit.o)
 .debug_abbrev  0x00000000      0x1ba /usr/lib/gcc/arm-none-eabi/12.2.1/../../../arm-none-eabi/lib/thumb/v6-m/nofp/libc_nano.a(lib_a-exit.o)
 .debug_loc     0x00000000       0x22 /usr/lib/gcc/arm-none-eabi/12.2.1/../../../arm-none-eabi/lib/thumb/v6-m/nofp/libc_nano.a(lib_a-exit.o)
 .debug_aranges
                0x00000000       0x20 /usr/lib/gcc/arm-none-eabi/12.2.1/../../../arm-none-eabi/lib/thumb/v6-m/nofp/libc_nano.a(lib_a-exit.o)
 .debug_line    0x00000000      0x16b /usr/lib/gcc/arm-none-eabi/12.2.1/../../../arm-none-eabi/lib/thumb/v6-m/nofp/libc_nano.a(lib_a-exit.o)
 .debug_str     0x00000000      0x521 /usr/lib/gcc/arm-none-eabi/12.2.1/../../../arm-none-eabi/lib/thumb/v6-m/nofp/libc_nano.a(lib_a-exit.o)
 .comment       0x00000000       0x34 /usr/lib/gcc/arm-none-eabi/12.2.1/../../../arm-none-eabi/lib/thumb/v6-m/nofp/libc_nano.a(lib_a-exit.o)
 .debug_frame   0x00000000       0x28 /usr/lib/gcc/arm-none-eabi/12.2.1/../../../arm-none-eabi/lib/thumb/v6-m/nofp/libc_nano.a(lib_a-exit.o)
 .ARM.attributes
                0x00000000       0x2c /usr/lib/gcc/arm-none-eabi/12.2.1/../../../arm-none-eabi/lib/thumb/v6-m/nofp/libc_nano.a(lib_a-exit.o)
 .text          0x00000000       0x28 /usr/lib/gcc/arm-none-eabi/12.2.1/../../../arm-none-eabi/lib/thumb/v6-m/nofp/libc_nano.a(lib_a-fini.o)
 .data          0x00000000        0x0 /usr/lib/gcc/arm-none-eabi/12.2.1/../../../arm-none-eabi/lib/thumb/v6-m/nofp/libc_nano.a(lib_a-fini.o)
 .bss           0x00000000        0x0 /usr/lib/gcc/arm-none-eabi/12.2.1/../../../arm-none-eabi/lib/thumb/v6-m/nofp/libc_nano.a(lib_a-fini.o)
 .debug_info    0x00000000      0x102 /usr/lib/gcc/arm-none-eabi/12.2.1/../../../arm-none-eabi/lib/thumb/v6-m/nofp/libc_nano.a(lib_a-fini.o)
 .debug_abbrev  0x00000000       0xcc /usr/lib/gcc/arm-none-eabi/12.2.1/../../../arm-none-eabi/lib/thumb/v6-m/nofp/libc_nano.a(lib_a-fini.o)
 .debug_loc     0x00000000       0x46 /usr/lib/gcc/arm-none-eabi/12.2.1/../../../arm-none-eabi/lib/thumb/v6-m/nofp/libc_nano.a(lib_a-fini.o)
 .debug_aranges
                0x00000000       0x20 /usr/lib/gcc/arm-none-eabi/12.2.1/../../../arm-none-eabi/lib/thumb/v6-m/nofp/libc_nano.a(lib_a-fini.o)
 .debug_line    0x00000000       0xef /usr/lib/gcc/arm-none-eabi/12.2.1/../../../arm-none-eabi/lib/thumb/v6-m/nofp/libc_nano.a(lib_a-fini.o)
 .debug_str     0x00000000      0x1da /usr/lib/gcc/arm-none-eabi/12.2.1/../../../arm-none-eabi/lib/thumb/v6-m/nofp/libc_nano.a(lib_a-fini.o)
 .comment       0x00000000       0x34 /usr/lib/gcc/arm-none-eabi/12.2.1/../../../arm-none-eabi/lib/thumb/v6-m/nofp/libc_nano.a(lib_a-fini.o)
 .debug_frame   0x00000000       0x2c /usr/lib/gcc/arm-none-eabi/12.2.1/../../../arm-none-eabi/lib/thumb/v6-m/nofp/libc_nano.a(lib_a-fini.o)
 .ARM.attributes
                0x00000000       0x2c /usr/lib/gcc/arm-none-eabi/12.2.1/../../../arm-none-eabi/lib/thumb/v6-m/nofp/libc_nano.a(lib_a-fini.o)
 .text          0x00000000        0x0 /usr/lib/gcc/arm-none-eabi/12.2.1/../../../arm-none-eabi/lib/thumb/v6-m/nofp/libc_nano.a(lib_a-impure.o)
 .data          0x00000000       0x64 /usr/lib/gcc/arm-none-eabi/12.2.1/../../../arm-none-eabi/lib/thumb/v6-m/nofp/libc_nano.a(lib_a-impure.o)
 .bss           0x00000000        0x0 /usr/lib/gcc/arm-none-eabi/12.2.1/../../../arm-none-eabi/lib/thumb/v6-m/nofp/libc_nano.a(lib_a-impure.o)
 .rodata        0x00000000        0x4 /usr/lib/gcc/arm-none-eabi/12.2.1/../../../arm-none-eabi/lib/thumb/v6-m/nofp/libc_nano.a(lib_a-impure.o)
 .debug_info    0x00000000      0x863 /usr/lib/gcc/arm-none-eabi/12.2.1/../../../arm-none-eabi/lib/thumb/v6-m/nofp/libc_nano.a(lib_a-impure.o)
 .debug_abbrev  0x00000000      0x151 /usr/lib/gcc/arm-none-eabi/12.2.1/../../../arm-none-eabi/lib/thumb/v6-m/nofp/libc_nano.a(lib_a-impure.o)
 .debug_aranges
                0x00000000       0x18 /usr/lib/gcc/arm-none-eabi/12.2.1/../../../arm-none-eabi/lib/thumb/v6-m/nofp/libc_nano.a(lib_a-impure.o)
 .debug_line    0x00000000       0xe4 /usr/lib/gcc/arm-none-eabi/12.2.1/../../../arm-none-eabi/lib/thumb/v6-m/nofp/libc_nano.a(lib_a-impure.o)
 .debug_str     0x00000000      0x557 /usr/lib/gcc/arm-none-eabi/12.2.1/../../../arm-none-eabi/lib/thumb/v6-m/nofp/libc_nano.a(lib_a-impure.o)
 .comment       0x00000000       0x34 /usr/lib/gcc/arm-none-eabi/12.2.1/../../../arm-none-eabi/lib/thumb/v6-m/nofp/libc_nano.a(lib_a-impure.o)
 .ARM.attributes
                0x00000000       0x2c /usr/lib/gcc/arm-none-eabi/12.2.1/../../../arm-none-eabi/lib/thumb/v6-m/nofp/libc_nano.a(lib_a-impure.o)
 .text          0x00000000       0x44 /usr/lib/gcc/arm-none-eabi/12.2.1/../../../arm-none-eabi/lib/thumb/v6-m/nofp/libc_nano.a(lib_a-init.o)
 .data          0x00000000        0x0 /usr/lib/gcc/arm-none-eabi/12.2.1/../../../arm-none-eabi/lib/thumb/v6-m/nofp/libc_nano.a(lib_a-init.o)
 .bss           0x00000000        0x0 /usr/lib/gcc/arm-none-eabi/12.2.1/../../../arm-none-eabi/lib/thumb/v6-m/nofp/libc_nano.a(lib_a-init.o)
 .debug_info    0x00000000      0x11a /usr/lib/gcc/arm-none-eabi/12.2.1/../../../arm-none-eabi/lib/thumb/v6-m/nofp/libc_nano.a(lib_a-init.o)
 .debug_abbrev  0x00000000       0xcc /usr/lib/gcc/arm-none-eabi/12.2.1/../../../arm-none-eabi/lib/thumb/v6-m/nofp/libc_nano.a(lib_a-init.o)
 .debug_loc     0x00000000       0x98 /usr/lib/gcc/arm-none-eabi/12.2.1/../../../arm-none-eabi/lib/thumb/v6-m/nofp/libc_nano.a(lib_a-init.o)
 .debug_aranges
                0x00000000       0x20 /usr/lib/gcc/arm-none-eabi/12.2.1/../../../arm-none-eabi/lib/thumb/v6-m/nofp/libc_nano.a(lib_a-init.o)
 .debug_line    0x00000000      0x127 /usr/lib/gcc/arm-none-eabi/12.2.1/../../../arm-none-eabi/lib/thumb/v6-m/nofp/libc_nano.a(lib_a-init.o)
 .debug_str     0x00000000      0x204 /usr/lib/gcc/arm-none-eabi/12.2.1/../../../arm-none-eabi/lib/thumb/v6-m/nofp/libc_nano.a(lib_a-init.o)
 .comment       0x00000000       0x34 /usr/lib/gcc/arm-none-eabi/12.2.1/../../../arm-none-eabi/lib/thumb/v6-m/nofp/libc_nano.a(lib_a-init.o)
 .debug_frame   0x00000000       0x2c /usr/lib/gcc/arm-none-eabi/12.2.1/../../../arm-none-eabi/lib/thumb/v6-m/nofp/libc_nano.a(lib_a-init.o)
 .ARM.attributes
                0x00000000       0x2c /usr/lib/gcc/arm-none-eabi/12.2.1/../../../arm-none-eabi/lib/thumb/v6-m/nofp/libc_nano.a(lib_a-init.o)
 .data          0x00000000        0x0 /usr/lib/gcc/arm-none-eabi/12.2.1/../../../arm-none-eabi/lib/thumb/v6-m/nofp/libc_nano.a(lib_a-memcpy-stub.o)
 .bss           0x00000000        0x0 /usr/lib/gcc/arm-none-eabi/12.2.1/../../../arm-none-eabi/lib/thumb/v6-m/nofp/libc_nano.a(lib_a-memcpy-stub.o)
 .text          0x00000000       0xa8 /usr/lib/gcc/arm-none-eabi/12.2.1/../../../arm-none-eabi/lib/thumb/v6-m/nofp/libc_nano.a(lib_a-memset.o)
 .data          0x00000000        0x0 /usr/lib/gcc/arm-none-eabi/12.2.1/../../../arm-none-eabi/lib/thumb/v6-m/nofp/libc_nano.a(lib_a-memset.o)
 .bss           0x00000000        0x0 /usr/lib/gcc/arm-none-eabi/12.2.1/../../../arm-none-eabi/lib/thumb/v6-m/nofp/libc_nano.a(lib_a-memset.o)
 .debug_info    0x00000000      0x13d /usr/lib/gcc/arm-none-eabi/12.2.1/../../../arm-none-eabi/lib/thumb/v6-m/nofp/libc_nano.a(lib_a-memset.o)
 .debug_abbrev  0x00000000       0xb4 /usr/lib/gcc/arm-none-eabi/12.2.1/../../../arm-none-eabi/lib/thumb/v6-m/nofp/libc_nano.a(lib_a-memset.o)
 .debug_loc     0x00000000      0x2a3 /usr/lib/gcc/arm-none-eabi/12.2.1/../../../arm-none-eabi/lib/thumb/v6-m/nofp/libc_nano.a(lib_a-memset.o)
 .debug_aranges
                0x00000000       0x20 /usr/lib/gcc/arm-none-eabi/12.2.1/../../../arm-none-eabi/lib/thumb/v6-m/nofp/libc_nano.a(lib_a-memset.o)
 .debug_line    0x00000000      0x1ce /usr/lib/gcc/arm-none-eabi/12.2.1/../../../arm-none-eabi/lib/thumb/v6-m/nofp/libc_nano.a(lib_a-memset.o)
 .debug_str     0x00000000      0x1b9 /usr/lib/gcc/arm-none-eabi/12.2.1/../../../arm-none-eabi/lib/thumb/v6-m/nofp/libc_nano.a(lib_a-memset.o)
 .comment       0x00000000       0x34 /usr/lib/gcc/arm-none-eabi/12.2.1/../../../arm-none-eabi/lib/thumb/v6-m/nofp/libc_nano.a(lib_a-memset.o)
 .debug_frame   0x00000000       0x30 /usr/lib/gcc/arm-none-eabi/12.2.1/../../../arm-none-eabi/lib/thumb/v6-m/nofp/libc_nano.a(lib_a-memset.o)
 .ARM.attributes
                0x00000000       0x2c /usr/lib/gcc/arm-none-eabi/12.2.1/../../../arm-none-eabi/lib/thumb/v6-m/nofp/libc_nano.a(lib_a-memset.o)
 .data          0x00000000        0x0 /usr/lib/gcc/arm-none-eabi/12.2.1/../../../arm-none-eabi/lib/thumb/v6-m/nofp/libc_nano.a(lib_a-strlen-stub.o)
 .bss           0x00000000        0x0 /usr/lib/gcc/arm-none-eabi/12.2.1/../../../arm-none-eabi/lib/thumb/v6-m/nofp/libc_nano.a(lib_a-strlen-stub.o)
 .text          0x00000000       0xd0 /usr/lib/gcc/arm-none-eabi/12.2.1/../../../arm-none-eabi/lib/thumb/v6-m/nofp/libc_nano.a(lib_a-__atexit.o)
 .data          0x00000000        0x4 /usr/lib/gcc/arm-none-eabi/12.2.1/../../../arm-none-eabi/lib/thumb/v6-m/nofp/libc_nano.a(lib_a-__atexit.o)
 .bss           0x00000000       0x8c /usr/lib/gcc/arm-none-eabi/12.2.1/../../../arm-none-eabi/lib/thumb/v6-m/nofp/libc_nano.a(lib_a-__atexit.o)
 .debug_info    0x00000000      0x269 /usr/lib/gcc/arm-none-eabi/12.2.1/../../../arm-none-eabi/lib/thumb/v6-m/nofp/libc_nano.a(lib_a-__atexit.o)
 .debug_abbrev  0x00000000      0x1bd /usr/lib/gcc/arm-none-eabi/12.2.1/../../../arm-none-eabi/lib/thumb/v6-m/nofp/libc_nano.a(lib_a-__atexit.o)
 .debug_loc     0x00000000      0x203 /usr/lib/gcc/arm-none-eabi/12.2.1/../../../arm-none-eabi/lib/thumb/v6-m/nofp/libc_nano.a(lib_a-__atexit.o)
 .debug_aranges
                0x00000000       0x20 /usr/lib/gcc/arm-none-eabi/12.2.1/../../../arm-none-eabi/lib/thumb/v6-m/nofp/libc_nano.a(lib_a-__atexit.o)
 .debug_line    0x00000000      0x201 /usr/lib/gcc/arm-none-eabi/12.2.1/../../../arm-none-eabi/lib/thumb/v6-m/nofp/libc_nano.a(lib_a-__atexit.o)
 .debug_str     0x00000000      0x290 /usr/lib/gcc/arm-none-eabi/12.2.1/../../../arm-none-eabi/lib/thumb/v6-m/nofp/libc_nano.a(lib_a-__atexit.o)
 .comment       0x00000000       0x34 /usr/lib/gcc/arm-none-eabi/12.2.1/../../../arm-none-eabi/lib/thumb/v6-m/nofp/libc_nano.a(lib_a-__atexit.o)
 .debug_frame   0x00000000       0x3c /usr/lib/gcc/arm-none-eabi/12.2.1/../../../arm-none-eabi/lib/thumb/v6-m/nofp/libc_nano.a(lib_a-__atexit.o)
 .ARM.attributes
                0x00000000       0x2c /usr/lib/gcc/arm-none-eabi/12.2.1/../../../arm-none-eabi/lib/thumb/v6-m/nofp/libc_nano.a(lib_a-__atexit.o)
 .text          0x00000000       0xfc /usr/lib/gcc/arm-none-eabi/12.2.1/../../../arm-none-eabi/lib/thumb/v6-m/nofp/libc_nano.a(lib_a-__call_atexit.o)
 .data          0x00000000        0x0 /usr/lib/gcc/arm-none-eabi/12.2.1/../../../arm-none-eabi/lib/thumb/v6-m/nofp/libc_nano.a(lib_a-__call_atexit.o)
 .bss           0x00000000        0x4 /usr/lib/gcc/arm-none-eabi/12.2.1/../../../arm-none-eabi/lib/thumb/v6-m/nofp/libc_nano.a(lib_a-__call_atexit.o)
 .debug_info    0x00000000      0x249 /usr/lib/gcc/arm-none-eabi/12.2.1/../../../arm-none-eabi/lib/thumb/v6-m/nofp/libc_nano.a(lib_a-__call_atexit.o)
 .debug_abbrev  0x00000000      0x179 /usr/lib/gcc/arm-none-eabi/12.2.1/../../../arm-none-eabi/lib/thumb/v6-m/nofp/libc_nano.a(lib_a-__call_atexit.o)
 .debug_loc     0x00000000      0x273 /usr/lib/gcc/arm-none-eabi/12.2.1/../../../arm-none-eabi/lib/thumb/v6-m/nofp/libc_nano.a(lib_a-__call_atexit.o)
 .debug_aranges
                0x00000000       0x20 /usr/lib/gcc/arm-none-eabi/12.2.1/../../../arm-none-eabi/lib/thumb/v6-m/nofp/libc_nano.a(lib_a-__call_atexit.o)
 .debug_ranges  0x00000000       0x28 /usr/lib/gcc/arm-none-eabi/12.2.1/../../../arm-none-eabi/lib/thumb/v6-m/nofp/libc_nano.a(lib_a-__call_atexit.o)
 .debug_line    0x00000000      0x219 /usr/lib/gcc/arm-none-eabi/12.2.1/../../../arm-none-eabi/lib/thumb/v6-m/nofp/libc_nano.a(lib_a-__call_atexit.o)
 .debug_str     0x00000000      0x254 /usr/lib/gcc/arm-none-eabi/12.2.1/../../../arm-none-eabi/lib/thumb/v6-m/nofp/libc_nano.a(lib_a-__call_atexit.o)
 .comment       0x00000000       0x34 /usr/lib/gcc/arm-none-eabi/12.2.1/../../../arm-none-eabi/lib/thumb/v6-m/nofp/libc_nano.a(lib_a-__call_atexit.o)
 .debug_frame   0x00000000       0x3c /usr/lib/gcc/arm-none-eabi/12.2.1/../../../arm-none-eabi/lib/thumb/v6-m/nofp/libc_nano.a(lib_a-__call_atexit.o)
 .ARM.attributes
                0x00000000       0x2c /usr/lib/gcc/arm-none-eabi/12.2.1/../../../arm-none-eabi/lib/thumb/v6-m/nofp/libc_nano.a(lib_a-__call_atexit.o)
 .text          0x00000000        0x0 /usr/lib/gcc/arm-none-eabi/12.2.1/thumb/v6-m/nofp/crtend.o
 .data          0x00000000        0x0 /usr/lib/gcc/arm-none-eabi/12.2.1/thumb/v6-m/nofp/crtend.o
 .bss           0x00000000        0x0 /usr/lib/gcc/arm-none-eabi/12.2.1/thumb/v6-m/nofp/crtend.o
 .rodata        0x00000000       0x24 /usr/lib/gcc/arm-none-eabi/12.2.1/thumb/v6-m/nofp/crtend.o
 .eh_frame      0x00000000        0x4 /usr/lib/gcc/arm-none-eabi/12.2.1/thumb/v6-m/nofp/crtend.o
 .tm_clone_table
                0x00000000        0x0 /usr/lib/gcc/arm-none-eabi/12.2.1/thumb/v6-m/nofp/crtend.o
 .comment       0x00000000       0x27 /usr/lib/gcc/arm-none-eabi/12.2.1/thumb/v6-m/nofp/crtend.o
 .ARM.attributes
                0x00000000       0x2c /usr/lib/gcc/arm-none-eabi/12.2.1/thumb/v6-m/nofp/crtend.o
 .text          0x00000000        0x0 /usr/lib/gcc/arm-none-eabi/12.2.1/thumb/v6-m/nofp/crtn.o
 .data          0x00000000        0x0 /usr/lib/gcc/arm-none-eabi/12.2.1/thumb/v6-m/nofp/crtn.o
 .bss           0x00000000        0x0 /usr/lib/gcc/arm-none-eabi/12.2.1/thumb/v6-m/nofp/crtn.o
 .init          0x00000000        0x8 /usr/lib/gcc/arm-none-eabi/12.2.1/thumb/v6-m/nofp/crtn.o
 .fini          0x00000000        0x8 /usr/lib/gcc/arm-none-eabi/12.2.1/thumb/v6-m/nofp/crtn.o
 .ARM.attributes
                0x00000000       0x1e /usr/lib/gcc/arm-none-eabi/12.2.1/thumb/v6-m/nofp/crtn.o

Memory Configuration

Name             Origin             Length             Attributes
INTERRUPTS       0x00000000         0x00000100         xr
FLASH_CONFIG     0x00000400         0x00000010         xr
TEXT             0x00000410         0x0003fbf0         xr
RAM              0x1fffe000         0x00008000         xrw
*default*        0x00000000         0xffffffff

Linker script and memory map

LOAD /usr/lib/gcc/arm-none-eabi/12.2.1/thumb/v6-m/nofp/crti.o
LOAD /usr/lib/gcc/arm-none-eabi/12.2.1/thumb/v6-m/nofp/crtbegin.o
LOAD /usr/lib/gcc/arm-none-eabi/12.2.1/../../../arm-none-eabi/lib/thumb/v6-m/nofp/crt0.o
                0x00000400                        STACK_SIZE = DEFINED (__stack_size__)?__stack_size__:0x400

.interrupts     0x00000000       0xc0
 *(.isr_vector .isr_vector.*)
 .isr_vector    0x00000000       0xc0 startup.o
                0x00000000                g_pfnVectors

.flash_config   0x00000400       0x10
                0x00000400                        . = ALIGN (0x4)
                0x00000400        0x4 LONG 0xffffffff
                0x00000404        0x4 LONG 0xffffffff
                0x00000408        0x4 LONG 0xffffffff
                0x0000040c        0x4 LONG 0xfffffffe

.text           0x00000410     0x3250
 *(.text .text.* .gnu.linkonce.t.*)
 .text          0x00000410      0x3bc main.o
                0x0000043c                irclk_ini
                0x00000458                b_sw1_init
                0x000004cc                b_sw2_init
                0x0000054c                led_green_init
                0x0000059c                led_green_toggle
                0x000005b0                led_red_init
                0x00000604                led_red_toggle
                0x0000061c                PORTDIntHandler
                0x00000674                productor
                0x000006fc                consumidor
                0x00000728                main
 .text          0x000007cc       0x68 startup.o
                0x000007cc                RTCSIntHandler
                0x000007cc                FTM1IntHandler
                0x000007cc                USBOTGIntHandler
                0x000007cc                UART0SEIntHandler
                0x000007cc                UART2SEIntHandler
                0x000007cc                FTM2IntHandler
                0x000007cc                I2C1IntHandler
                0x000007cc                Default_ResetHandler
                0x000007cc                DMA1IntHandler
                0x000007cc                DACIntHandler
                0x000007cc                ACMPIntHandler
                0x000007cc                ResetHandler
                0x000007cc                LVDIntHandler
                0x000007cc                PORTAIntHandler
                0x000007cc                SPI1IntHandler
                0x000007cc                FTFAIntHandler
                0x000007cc                UART1SEIntHandler
                0x000007cc                ADCIntHandler
                0x000007cc                DMA0IntHandler
                0x000007cc                I2C0IntHandler
                0x000007cc                FTM0IntHandler
                0x000007cc                LLWUIntHandler
                0x000007cc                MCGIntHandler
                0x000007cc                RTCAIntHandler
                0x000007cc                SPI0IntHandler
                0x000007cc                TSIIntHandler
                0x000007cc                LPTMRIntHandler
                0x000007cc                PITIntHandler
                0x000007cc                DMA3IntHandler
                0x000007cc                DMA2IntHandler
                0x0000082c                HardFaultIntHandler
                0x0000082c                BusFaultIntHandler
                0x0000082c                NMIIntHandler
                0x0000082c                UsageFaultIntHandler
                0x0000082c                MemManageIntHandler
                0x0000082c                DebugMonIntHandler
 .text          0x00000834      0x152 freertos/list.o
                0x00000834                vListInitialise
                0x00000870                vListInitialiseItem
                0x00000886                vListInsertEnd
                0x000008ca                vListInsert
                0x00000936                uxListRemove
 *fill*         0x00000986        0x2 
 .text          0x00000988      0xbcc freertos/queue.o
                0x00000988                xQueueGenericReset
                0x00000a32                xQueueGenericCreate
                0x00000abe                xQueueCreateMutex
                0x00000b3e                xQueueGiveMutexRecursive
                0x00000b94                xQueueTakeMutexRecursive
                0x00000bf4                xQueueGenericSend
                0x00000d56                xQueueGenericSendFromISR
                0x00000e22                xQueueGiveFromISR
                0x00000ed4                xQueueGenericReceive
                0x00001066                xQueueReceiveFromISR
                0x00001114                xQueuePeekFromISR
                0x00001198                uxQueueMessagesWaiting
                0x000011c2                uxQueueSpacesAvailable
                0x000011f6                uxQueueMessagesWaitingFromISR
                0x00001218                vQueueDelete
                0x0000142a                xQueueIsQueueEmptyFromISR
                0x00001488                xQueueIsQueueFullFromISR
                0x000014ba                vQueueAddToRegistry
                0x0000150c                vQueueUnregisterQueue
 .text          0x00001554     0x12cc freertos/tasks.o
                0x00001554                xTaskGenericCreate
                0x000016c0                vTaskDelayUntil
                0x00001780                vTaskDelay
                0x000017e8                vTaskStartScheduler
                0x00001858                vTaskEndScheduler
                0x00001874                vTaskSuspendAll
                0x0000188c                xTaskResumeAll
                0x00001994                xTaskGetTickCount
                0x000019b0                xTaskGetTickCountFromISR
                0x000019d0                uxTaskGetNumberOfTasks
                0x000019e4                xTaskIncrementTick
                0x00001b50                vTaskSwitchContext
                0x00001bf0                vTaskPlaceOnEventList
                0x00001c44                vTaskPlaceOnUnorderedEventList
                0x00001cb8                xTaskRemoveFromEventList
                0x00001d70                xTaskRemoveFromUnorderedEventList
                0x00001e20                vTaskSetTimeOutState
                0x00001e54                xTaskCheckForTimeOut
                0x00001ee4                vTaskMissedYield
                0x00002150                xTaskGetCurrentTaskHandle
                0x0000216c                vTaskPriorityInherit
                0x00002228                xTaskPriorityDisinherit
                0x000022e0                uxTaskResetEventItemValue
                0x0000230c                pvTaskIncrementMutexHeldCount
                0x00002330                ulTaskNotifyTake
                0x000023cc                xTaskNotifyWait
                0x0000248c                xTaskGenericNotify
                0x000025a4                xTaskGenericNotifyFromISR
                0x000026ec                vTaskNotifyGiveFromISR
                0x000027d0                xTaskNotifyStateClear
 .text          0x00002820      0x1fc freertos/portable/MemMang/heap_2.o
                0x00002820                pvPortMalloc
                0x0000293c                vPortFree
                0x000029b0                xPortGetFreeHeapSize
                0x000029c4                vPortInitialiseBlocks
 .text          0x00002a1c      0x21c freertos/portable/GCC/ARM_CM0/port.o
                0x00002a1c                pxPortInitialiseStack
                0x00002a88                vPortSVCHandler
                0x00002ab2                xPortStartScheduler
                0x00002af4                vPortEndScheduler
                0x00002b14                vPortYield
                0x00002b34                vPortEnterCritical
                0x00002b58                vPortExitCritical
                0x00002b88                ulSetInterruptMaskFromISR
                0x00002b94                vClearInterruptMaskFromISR
                0x00002b9c                xPortPendSVHandler
                0x00002be2                xPortSysTickHandler
 .text          0x00002c38      0x780 lcd.o
                0x00002c38                lcd_ini
                0x00002d9c                lcd_set
                0x0000310c                lcd_display_dec
                0x000031f8                lcd_display_hex
                0x0000325e                lcd_display_time
                0x0000331c                lcd_display_error
                0x0000338c                divide
 .text          0x000033b8      0x114 /usr/lib/gcc/arm-none-eabi/12.2.1/thumb/v6-m/nofp/libgcc.a(_udivsi3.o)
                0x000033b8                __udivsi3
                0x000033b8                __aeabi_uidiv
                0x000034c4                __aeabi_uidivmod
 .text          0x000034cc        0x4 /usr/lib/gcc/arm-none-eabi/12.2.1/thumb/v6-m/nofp/libgcc.a(_dvmd_tls.o)
                0x000034cc                __aeabi_ldiv0
                0x000034cc                __aeabi_idiv0
 .text          0x000034d0       0xa4 /usr/lib/gcc/arm-none-eabi/12.2.1/../../../arm-none-eabi/lib/thumb/v6-m/nofp/libc_nano.a(lib_a-memcpy-stub.o)
                0x000034d0                memcpy
 .text          0x00003574       0x5c /usr/lib/gcc/arm-none-eabi/12.2.1/../../../arm-none-eabi/lib/thumb/v6-m/nofp/libc_nano.a(lib_a-strlen-stub.o)
                0x00003574                strlen
 *(.glue_7t)
 .glue_7t       0x000035d0        0x0 linker stubs
 *(.glue_7)
 .glue_7        0x000035d0        0x0 linker stubs
 *(.rodata .rodata* .gnu.linkonce.r.*)
 .rodata        0x000035d0       0x17 main.o
 *fill*         0x000035e7        0x1 
 .rodata        0x000035e8       0x30 freertos/tasks.o
 .rodata        0x00003618       0x48 lcd.o

.vfp11_veneer   0x00003660        0x0
 .vfp11_veneer  0x00003660        0x0 linker stubs

.v4_bx          0x00003660        0x0
 .v4_bx         0x00003660        0x0 linker stubs

.init           0x00003660        0x4
 .init          0x00003660        0x4 /usr/lib/gcc/arm-none-eabi/12.2.1/thumb/v6-m/nofp/crti.o
                0x00003660                _init

.fini           0x00003664        0x4
 .fini          0x00003664        0x4 /usr/lib/gcc/arm-none-eabi/12.2.1/thumb/v6-m/nofp/crti.o
                0x00003664                _fini

.iplt           0x00003668        0x0
 .iplt          0x00003668        0x0 main.o

.rel.dyn        0x00003668        0x0
 .rel.iplt      0x00003668        0x0 main.o

.ARM.extab
 *(.ARM.extab* .gnu.linkonce.armextab.*)

.ARM.exidx
 *(.ARM.exidx* .gnu.linkonce.armexidx.*)
                0x00003668                        . = ALIGN (0x4)
                0x00003668                        _etext = .
                0x00003668                        _sidata = .

.data           0x1fffe000       0x1c load address 0x00003668
                0x1fffe000                        _sdata = .
 *(.data .data.*)
 .data          0x1fffe000       0x14 main.o
                0x1fffe000                cadena
 .data          0x1fffe014        0x4 freertos/portable/MemMang/heap_2.o
 .data          0x1fffe018        0x4 freertos/portable/GCC/ARM_CM0/port.o
                0x1fffe01c                        . = ALIGN (0x4)
                0x1fffe01c                        _edata = .

.igot.plt       0x1fffe01c        0x0 load address 0x00003684
 .igot.plt      0x1fffe01c        0x0 main.o

.bss            0x1fffe01c     0x313c load address 0x00003684
                0x1fffe01c                        _sbss = .
 *(.bss .bss.*)
 .bss           0x1fffe01c       0x14 main.o
                0x1fffe01c                count
                0x1fffe020                length
                0x1fffe024                sent
                0x1fffe025                rec
                0x1fffe028                xQueue1
                0x1fffe02c                temp
 .bss           0x1fffe030       0x40 freertos/queue.o
                0x1fffe030                xQueueRegistry
 .bss           0x1fffe070       0xd4 freertos/tasks.o
                0x1fffe070                pxCurrentTCB
 .bss           0x1fffe144     0x3014 freertos/portable/MemMang/heap_2.o
 *(COMMON)
                0x20001158                        . = ALIGN (0x4)
                0x20001158                        _ebss = .

.co_stack       0x20001158      0x400 load address 0x000067c0
                0x20001158                        . = ALIGN (0x8)
                0x20001558                        . = (. + STACK_SIZE)
 *fill*         0x20001158      0x400 
                0x20001558                        _start_of_stack = .
                0x20001558                        . = ALIGN (0x4)
                0x20001558                        _end = .
LOAD main.o
LOAD startup.o
LOAD freertos/list.o
LOAD freertos/queue.o
LOAD freertos/tasks.o
LOAD freertos/portable/MemMang/heap_2.o
LOAD freertos/portable/GCC/ARM_CM0/port.o
LOAD lcd.o
START GROUP
LOAD /usr/lib/gcc/arm-none-eabi/12.2.1/thumb/v6-m/nofp/libgcc.a
LOAD /usr/lib/gcc/arm-none-eabi/12.2.1/../../../arm-none-eabi/lib/thumb/v6-m/nofp/libc_nano.a
END GROUP
START GROUP
LOAD /usr/lib/gcc/arm-none-eabi/12.2.1/thumb/v6-m/nofp/libgcc.a
LOAD /usr/lib/gcc/arm-none-eabi/12.2.1/../../../arm-none-eabi/lib/thumb/v6-m/nofp/libc_nano.a
END GROUP
LOAD /usr/lib/gcc/arm-none-eabi/12.2.1/thumb/v6-m/nofp/crtend.o
LOAD /usr/lib/gcc/arm-none-eabi/12.2.1/thumb/v6-m/nofp/crtn.o
OUTPUT(main.elf elf32-littlearm)
LOAD linker stubs

.ARM.attributes
                0x00000000       0x28
 .ARM.attributes
                0x00000000       0x1e /usr/lib/gcc/arm-none-eabi/12.2.1/thumb/v6-m/nofp/crti.o
 .ARM.attributes
                0x0000001e       0x2c main.o
 .ARM.attributes
                0x0000004a       0x2c startup.o
 .ARM.attributes
                0x00000076       0x2c freertos/list.o
 .ARM.attributes
                0x000000a2       0x2c freertos/queue.o
 .ARM.attributes
                0x000000ce       0x2c freertos/tasks.o
 .ARM.attributes
                0x000000fa       0x2c freertos/portable/MemMang/heap_2.o
 .ARM.attributes
                0x00000126       0x2c freertos/portable/GCC/ARM_CM0/port.o
 .ARM.attributes
                0x00000152       0x2c lcd.o
 .ARM.attributes
                0x0000017e       0x1e /usr/lib/gcc/arm-none-eabi/12.2.1/thumb/v6-m/nofp/libgcc.a(_udivsi3.o)
 .ARM.attributes
                0x0000019c       0x1e /usr/lib/gcc/arm-none-eabi/12.2.1/thumb/v6-m/nofp/libgcc.a(_dvmd_tls.o)
 .ARM.attributes
                0x000001ba       0x2c /usr/lib/gcc/arm-none-eabi/12.2.1/../../../arm-none-eabi/lib/thumb/v6-m/nofp/libc_nano.a(lib_a-memcpy-stub.o)
 .ARM.attributes
                0x000001e6       0x2c /usr/lib/gcc/arm-none-eabi/12.2.1/../../../arm-none-eabi/lib/thumb/v6-m/nofp/libc_nano.a(lib_a-strlen-stub.o)

.comment        0x00000000       0x59
 .comment       0x00000000       0x26 main.o
                                 0x27 (size before relaxing)
 .comment       0x00000026       0x27 startup.o
 .comment       0x00000026       0x27 freertos/list.o
 .comment       0x00000026       0x27 freertos/queue.o
 .comment       0x00000026       0x27 freertos/tasks.o
 .comment       0x00000026       0x27 freertos/portable/MemMang/heap_2.o
 .comment       0x00000026       0x27 freertos/portable/GCC/ARM_CM0/port.o
 .comment       0x00000026       0x27 lcd.o
 .comment       0x00000026       0x33 /usr/lib/gcc/arm-none-eabi/12.2.1/../../../arm-none-eabi/lib/thumb/v6-m/nofp/libc_nano.a(lib_a-memcpy-stub.o)
                                 0x34 (size before relaxing)
 .comment       0x00000059       0x34 /usr/lib/gcc/arm-none-eabi/12.2.1/../../../arm-none-eabi/lib/thumb/v6-m/nofp/libc_nano.a(lib_a-strlen-stub.o)

.debug_info     0x00000000     0x37be
 .debug_info    0x00000000      0xa61 main.o
 .debug_info    0x00000a61      0x10e startup.o
 .debug_info    0x00000b6f      0x295 freertos/list.o
 .debug_info    0x00000e04      0xc86 freertos/queue.o
 .debug_info    0x00001a8a     0x1042 freertos/tasks.o
 .debug_info    0x00002acc      0x2da freertos/portable/MemMang/heap_2.o
 .debug_info    0x00002da6      0x24a freertos/portable/GCC/ARM_CM0/port.o
 .debug_info    0x00002ff0      0x510 lcd.o
 .debug_info    0x00003500       0x3b /usr/lib/gcc/arm-none-eabi/12.2.1/thumb/v6-m/nofp/libgcc.a(_udivsi3.o)
 .debug_info    0x0000353b       0x39 /usr/lib/gcc/arm-none-eabi/12.2.1/thumb/v6-m/nofp/libgcc.a(_dvmd_tls.o)
 .debug_info    0x00003574      0x15c /usr/lib/gcc/arm-none-eabi/12.2.1/../../../arm-none-eabi/lib/thumb/v6-m/nofp/libc_nano.a(lib_a-memcpy-stub.o)
 .debug_info    0x000036d0       0xee /usr/lib/gcc/arm-none-eabi/12.2.1/../../../arm-none-eabi/lib/thumb/v6-m/nofp/libc_nano.a(lib_a-strlen-stub.o)

.debug_abbrev   0x00000000     0x1091
 .debug_abbrev  0x00000000      0x2c2 main.o
 .debug_abbrev  0x000002c2       0xec startup.o
 .debug_abbrev  0x000003ae       0xec freertos/list.o
 .debug_abbrev  0x0000049a      0x289 freertos/queue.o
 .debug_abbrev  0x00000723      0x2dc freertos/tasks.o
 .debug_abbrev  0x000009ff      0x191 freertos/portable/MemMang/heap_2.o
 .debug_abbrev  0x00000b90      0x1a2 freertos/portable/GCC/ARM_CM0/port.o
 .debug_abbrev  0x00000d32      0x1c9 lcd.o
 .debug_abbrev  0x00000efb       0x21 /usr/lib/gcc/arm-none-eabi/12.2.1/thumb/v6-m/nofp/libgcc.a(_udivsi3.o)
 .debug_abbrev  0x00000f1c       0x1f /usr/lib/gcc/arm-none-eabi/12.2.1/thumb/v6-m/nofp/libgcc.a(_dvmd_tls.o)
 .debug_abbrev  0x00000f3b       0xc7 /usr/lib/gcc/arm-none-eabi/12.2.1/../../../arm-none-eabi/lib/thumb/v6-m/nofp/libc_nano.a(lib_a-memcpy-stub.o)
 .debug_abbrev  0x00001002       0x8f /usr/lib/gcc/arm-none-eabi/12.2.1/../../../arm-none-eabi/lib/thumb/v6-m/nofp/libc_nano.a(lib_a-strlen-stub.o)

.debug_aranges  0x00000000      0x180
 .debug_aranges
                0x00000000       0x20 main.o
 .debug_aranges
                0x00000020       0x20 startup.o
 .debug_aranges
                0x00000040       0x20 freertos/list.o
 .debug_aranges
                0x00000060       0x20 freertos/queue.o
 .debug_aranges
                0x00000080       0x20 freertos/tasks.o
 .debug_aranges
                0x000000a0       0x20 freertos/portable/MemMang/heap_2.o
 .debug_aranges
                0x000000c0       0x20 freertos/portable/GCC/ARM_CM0/port.o
 .debug_aranges
                0x000000e0       0x20 lcd.o
 .debug_aranges
                0x00000100       0x20 /usr/lib/gcc/arm-none-eabi/12.2.1/thumb/v6-m/nofp/libgcc.a(_udivsi3.o)
 .debug_aranges
                0x00000120       0x20 /usr/lib/gcc/arm-none-eabi/12.2.1/thumb/v6-m/nofp/libgcc.a(_dvmd_tls.o)
 .debug_aranges
                0x00000140       0x20 /usr/lib/gcc/arm-none-eabi/12.2.1/../../../arm-none-eabi/lib/thumb/v6-m/nofp/libc_nano.a(lib_a-memcpy-stub.o)
 .debug_aranges
                0x00000160       0x20 /usr/lib/gcc/arm-none-eabi/12.2.1/../../../arm-none-eabi/lib/thumb/v6-m/nofp/libc_nano.a(lib_a-strlen-stub.o)

.debug_line     0x00000000     0x23d1
 .debug_line    0x00000000      0x2ef main.o
 .debug_line    0x000002ef       0x7b startup.o
 .debug_line    0x0000036a      0x187 freertos/list.o
 .debug_line    0x000004f1      0x896 freertos/queue.o
 .debug_line    0x00000d87      0xa91 freertos/tasks.o
 .debug_line    0x00001818      0x1ed freertos/portable/MemMang/heap_2.o
 .debug_line    0x00001a05      0x1d2 freertos/portable/GCC/ARM_CM0/port.o
 .debug_line    0x00001bd7      0x433 lcd.o
 .debug_line    0x0000200a       0x56 /usr/lib/gcc/arm-none-eabi/12.2.1/thumb/v6-m/nofp/libgcc.a(_udivsi3.o)
 .debug_line    0x00002060       0x4a /usr/lib/gcc/arm-none-eabi/12.2.1/thumb/v6-m/nofp/libgcc.a(_dvmd_tls.o)
 .debug_line    0x000020aa      0x1b5 /usr/lib/gcc/arm-none-eabi/12.2.1/../../../arm-none-eabi/lib/thumb/v6-m/nofp/libc_nano.a(lib_a-memcpy-stub.o)
 .debug_line    0x0000225f      0x172 /usr/lib/gcc/arm-none-eabi/12.2.1/../../../arm-none-eabi/lib/thumb/v6-m/nofp/libc_nano.a(lib_a-strlen-stub.o)

.debug_str      0x00000000     0x18e1
 .debug_str     0x00000000      0x635 main.o
                                0x67e (size before relaxing)
 .debug_str     0x00000635       0xb6 startup.o
                                0x14f (size before relaxing)
 .debug_str     0x000006eb      0x12d freertos/list.o
                                0x262 (size before relaxing)
 .debug_str     0x00000818      0x55a freertos/queue.o
                                0x7ec (size before relaxing)
 .debug_str     0x00000d72      0x69b freertos/tasks.o
                                0xb76 (size before relaxing)
 .debug_str     0x0000140d      0x140 freertos/portable/MemMang/heap_2.o
                                0x2b7 (size before relaxing)
 .debug_str     0x0000154d       0x90 freertos/portable/GCC/ARM_CM0/port.o
                                0x2e5 (size before relaxing)
 .debug_str     0x000015dd       0x9b lcd.o
                                0x2b7 (size before relaxing)
 .debug_str     0x00001678       0xbe /usr/lib/gcc/arm-none-eabi/12.2.1/thumb/v6-m/nofp/libgcc.a(_udivsi3.o)
 .debug_str     0x00001736       0x1c /usr/lib/gcc/arm-none-eabi/12.2.1/thumb/v6-m/nofp/libgcc.a(_dvmd_tls.o)
                                 0xbf (size before relaxing)
 .debug_str     0x00001752      0x13b /usr/lib/gcc/arm-none-eabi/12.2.1/../../../arm-none-eabi/lib/thumb/v6-m/nofp/libc_nano.a(lib_a-memcpy-stub.o)
                                0x1de (size before relaxing)
 .debug_str     0x0000188d       0x54 /usr/lib/gcc/arm-none-eabi/12.2.1/../../../arm-none-eabi/lib/thumb/v6-m/nofp/libc_nano.a(lib_a-strlen-stub.o)
                                0x1ca (size before relaxing)

.debug_frame    0x00000000      0xd98
 .debug_frame   0x00000000      0x174 main.o
 .debug_frame   0x00000174       0x4c startup.o
 .debug_frame   0x000001c0       0xb0 freertos/list.o
 .debug_frame   0x00000270      0x310 freertos/queue.o
 .debug_frame   0x00000580      0x498 freertos/tasks.o
 .debug_frame   0x00000a18       0xa8 freertos/portable/MemMang/heap_2.o
 .debug_frame   0x00000ac0      0x170 freertos/portable/GCC/ARM_CM0/port.o
 .debug_frame   0x00000c30       0xec lcd.o
 .debug_frame   0x00000d1c       0x20 /usr/lib/gcc/arm-none-eabi/12.2.1/thumb/v6-m/nofp/libgcc.a(_udivsi3.o)
 .debug_frame   0x00000d3c       0x34 /usr/lib/gcc/arm-none-eabi/12.2.1/../../../arm-none-eabi/lib/thumb/v6-m/nofp/libc_nano.a(lib_a-memcpy-stub.o)
 .debug_frame   0x00000d70       0x28 /usr/lib/gcc/arm-none-eabi/12.2.1/../../../arm-none-eabi/lib/thumb/v6-m/nofp/libc_nano.a(lib_a-strlen-stub.o)

.debug_line_str
                0x00000000       0x97
 .debug_line_str
                0x00000000       0x97 /usr/lib/gcc/arm-none-eabi/12.2.1/thumb/v6-m/nofp/libgcc.a(_udivsi3.o)
 .debug_line_str
                0x00000097       0x97 /usr/lib/gcc/arm-none-eabi/12.2.1/thumb/v6-m/nofp/libgcc.a(_dvmd_tls.o)

.debug_loc      0x00000000      0x4e7
 .debug_loc     0x00000000      0x457 /usr/lib/gcc/arm-none-eabi/12.2.1/../../../arm-none-eabi/lib/thumb/v6-m/nofp/libc_nano.a(lib_a-memcpy-stub.o)
 .debug_loc     0x00000457       0x90 /usr/lib/gcc/arm-none-eabi/12.2.1/../../../arm-none-eabi/lib/thumb/v6-m/nofp/libc_nano.a(lib_a-strlen-stub.o)
